Microchip MPLAB XC8 Compiler V2.32

Linker command line:

-W-3 --edf=C:\Program Files\Microchip\xc8\v2.32\pic\dat\en_msgs.txt -cn \
  -h+dist/default/production\PIC4P1.X.production.sym \
  --cmf=dist/default/production\PIC4P1.X.production.cmf -z -Q16F887 \
  -oC:\Users\david\AppData\Local\Temp\xcAs1ac.4 --defsym=__MPLAB_BUILD=1 \
  -Mdist/default/production/PIC4P1.X.production.map -E1 -ver=XC8 Compiler \
  --acfsm=1493 -ASTACK=0110h-016Fh -pstack=STACK -ACODE=00h-07FFhx4 \
  -ASTRCODE=00h-01FFFh -ASTRING=00h-0FFhx32 -ACONST=00h-0FFhx32 \
  -AENTRY=00h-0FFhx32 -ACOMMON=070h-07Fh -ABANK0=020h-06Fh \
  -ABANK1=0A0h-0EFh -ABANK2=0110h-016Fh -ABANK3=0190h-01EFh \
  -ARAM=020h-06Fh,0A0h-0EFh,0110h-016Fh,0190h-01EFh \
  -AABS1=020h-07Fh,0A0h-0EFh,0110h-016Fh,0190h-01EFh -ASFR0=00h-01Fh \
  -ASFR1=080h-09Fh -ASFR2=0100h-010Fh -ASFR3=0180h-018Fh \
  -ACONFIG=02007h-02008h -DCONFIG=2 -AIDLOC=02000h-02003h -DIDLOC=2 \
  -AEEDATA=00h-0FFh/02100h -peeprom_data=EEDATA -DEEDATA=2 -DCODE=2 \
  -DSTRCODE=2 -DSTRING=2 -DCONST=2 -DENTRY=2 \
  -preset_vec=00h,intentry=04h,init,end_init -ppowerup=CODE -pcinit=CODE \
  -pfunctab=ENTRY -k C:\Users\david\AppData\Local\Temp\xcAs1ac.o \
  dist/default/production\PIC4P1.X.production.o 

Object code version is 3.11

Machine type is 16F887



                Name                               Link     Load   Length Selector   Space Scale
C:\Users\david\AppData\Local\Temp\xcAs1ac.o
                end_init                              C        C        3        8       0
                reset_vec                             0        0        3        0       0
                config                             2007     2007        2        0       4
dist/default/production\PIC4P1.X.production.o
                cinit                                 F        F        9        8       0
                intentry                              4        4        8        8       0
                config                             2007     2007        2        0       4
                text11                              20D      20D       22        8       0
                text10                              265      265        4        8       0
                text9                                B1       B1       69        8       0
                text8                               1E8      1E8       25        8       0
                text7                                18       18       99        8       0
                text6                               25E      25E        7        8       0
                text5                               257      257        7        8       0
                text4                               22F      22F       17        8       0
                text3                               1B4      1B4       34        8       0
                text2                               246      246       11        8       0
                text1                               174      174       40        8       0
                maintext                            11A      11A       5A        8       0
                cstackBANK0                          20       20        8       20       1
                cstackCOMMON                         70       70        C       70       1
                bssBANK0                             28       28        3       20       1

TOTAL           Name                               Link     Load   Length     Space
        CLASS   STACK          

        CLASS   CODE           
                end_init                              C        C        3         0
                cinit                                 F        F        9         0
                intentry                              4        4        8         0
                reset_vec                             0        0        3         0
                text11                              20D      20D       22         0
                text10                              265      265        4         0
                text9                                B1       B1       69         0
                text8                               1E8      1E8       25         0
                text7                                18       18       99         0
                text6                               25E      25E        7         0
                text5                               257      257        7         0
                text4                               22F      22F       17         0
                text3                               1B4      1B4       34         0
                text2                               246      246       11         0
                text1                               174      174       40         0
                maintext                            11A      11A       5A         0

        CLASS   STRCODE        

        CLASS   STRING         

        CLASS   CONST          

        CLASS   ENTRY          

        CLASS   COMMON         
                cstackCOMMON                         70       70        C         1

        CLASS   BANK0          
                cstackBANK0                          20       20        8         1
                bssBANK0                             28       28        3         1

        CLASS   BANK1          

        CLASS   BANK2          

        CLASS   BANK3          

        CLASS   RAM            

        CLASS   ABS1           
                abs_s1                               7E       7E        2         1

        CLASS   SFR0           

        CLASS   SFR1           

        CLASS   SFR2           

        CLASS   SFR3           

        CLASS   CONFIG         
                config                             2007     2007        2         4

        CLASS   IDLOC          

        CLASS   EEDATA         



SEGMENTS        Name                           Load    Length   Top    Selector   Space  Class     Delta

                reset_vec                      000000  000003  000003         0       0  CODE        2
                intentry                       000004  000265  000269         8       0  CODE        2
                cstackBANK0                    000020  00000B  00002B        20       1  BANK0       1
                cstackCOMMON                   000070  00000C  00007C        70       1  COMMON      1


UNUSED ADDRESS RANGES

        Name                Unused          Largest block    Delta
        BANK0            002B-006F             45           1
        BANK1            00A0-00EF             50           1
        BANK2            0110-016F             60           1
        BANK3            0190-01EF             60           1
        CODE             0003-0003              1           2
                         0269-1FFF            800
        COMMON           007C-007D              2           1
        CONST            0003-0003              1           2
                         0269-1FFF            100
        EEDATA           2100-21FF            100           2
        ENTRY            0003-0003              1           2
                         0269-1FFF            100
        IDLOC            2000-2003              4           2
        RAM              002B-006F             45           1
                         00A0-00EF             50
                         0110-016F             60
                         0190-01EF             60
        SFR0             0000-001F             20           1
        SFR1             0080-009F             20           1
        SFR2             0100-010F             10           1
        SFR3             0180-018F             10           1
        STACK            0110-016F             60           1
        STRCODE          0003-0003              1           2
                         0269-1FFF           1D97
        STRING           0003-0003              1           2
                         0269-1FFF            100

                                  Symbol Table

?___awdiv                      cstackCOMMON 0078
?___wmul                       cstackCOMMON 0072
ADCenableAnalogPort@puerto     cstackCOMMON 0074
_ADCON0bits                    (abs)        001F
_ADCON1bits                    (abs)        009F
_ADCenableAnalogPort           text7        0018
_ADCenableInterrupt            text6        025E
_ADCstartMeasure               text10       0265
_ADRESH                        (abs)        001E
_ADRESL                        (abs)        009E
_ANSEL                         (abs)        0188
_ANSELH                        (abs)        0189
_ANSELHbits                    (abs)        0189
_ANSELbits                     (abs)        0188
_BAUDCTLbits                   (abs)        0187
_INTCONbits                    (abs)        000B
_IOCBbits                      (abs)        0096
_OPTION_REGbits                (abs)        0081
_OSCCONbits                    (abs)        008F
_PIE1bits                      (abs)        008C
_PIR1bits                      (abs)        000C
_PORTA                         (abs)        0005
_PORTC                         (abs)        0007
_PORTCbits                     (abs)        0007
_PORTD                         (abs)        0008
_RCSTAbits                     (abs)        0018
_SPBRG                         (abs)        0099
_SPIenableRInterrupt           text5        0257
_SSPBUF                        (abs)        0013
_SSPCONbits                    (abs)        0014
_SSPSTATbits                   (abs)        0094
_T1CONbits                     (abs)        0010
_TMR0                          (abs)        0001
_TMR1H                         (abs)        000F
_TMR1L                         (abs)        000E
_TRISA                         (abs)        0085
_TRISAbits                     (abs)        0085
_TRISBbits                     (abs)        0086
_TRISC                         (abs)        0087
_TRISCbits                     (abs)        0087
_TRISD                         (abs)        0088
_TRISEbits                     (abs)        0089
_TXREG                         (abs)        0019
_TXSTAbits                     (abs)        0098
__Habs1                        abs1         0000
__Hbank0                       bank0        0000
__Hbank1                       bank1        0000
__Hbank2                       bank2        0000
__Hbank3                       bank3        0000
__HbssBANK0                    bssBANK0     0000
__Hcinit                       cinit        0018
__Hclrtext                     clrtext      0000
__Hcode                        code         0000
__Hcommon                      common       0000
__Hconfig                      config       2009
__HcstackBANK0                 cstackBANK0  0000
__HcstackCOMMON                cstackCOMMON 0000
__Heeprom_data                 eeprom_data  0000
__Hend_init                    end_init     000F
__Hfunctab                     functab      0000
__Hinit                        init         000C
__Hintentry                    intentry     000C
__Hmaintext                    maintext     0000
__Hpowerup                     powerup      0000
__Hram                         ram          0000
__Hreset_vec                   reset_vec    0003
__Hsfr0                        sfr0         0000
__Hsfr1                        sfr1         0000
__Hsfr2                        sfr2         0000
__Hsfr3                        sfr3         0000
__Hspace_0                     (abs)        0269
__Hspace_1                     (abs)        007C
__Hspace_2                     (abs)        0000
__Hspace_3                     (abs)        0000
__Hspace_4                     (abs)        4010
__Hstack                       stack        0000
__Hstrings                     strings      0000
__Htext                        text         0000
__Labs1                        abs1         0000
__Lbank0                       bank0        0000
__Lbank1                       bank1        0000
__Lbank2                       bank2        0000
__Lbank3                       bank3        0000
__LbssBANK0                    bssBANK0     0000
__Lcinit                       cinit        000F
__Lclrtext                     clrtext      0000
__Lcode                        code         0000
__Lcommon                      common       0000
__Lconfig                      config       0000
__LcstackBANK0                 cstackBANK0  0000
__LcstackCOMMON                cstackCOMMON 0000
__Leeprom_data                 eeprom_data  0000
__Lend_init                    end_init     000C
__Lfunctab                     functab      0000
__Linit                        init         000C
__Lintentry                    intentry     0004
__Lmaintext                    maintext     0000
__Lpowerup                     powerup      0000
__Lram                         ram          0000
__Lreset_vec                   reset_vec    0000
__Lsfr0                        sfr0         0000
__Lsfr1                        sfr1         0000
__Lsfr2                        sfr2         0000
__Lsfr3                        sfr3         0000
__Lspace_0                     (abs)        0000
__Lspace_1                     (abs)        0000
__Lspace_2                     (abs)        0000
__Lspace_3                     (abs)        0000
__Lspace_4                     (abs)        0000
__Lstack                       stack        0000
__Lstrings                     strings      0000
__Ltext                        text         0000
__S0                           (abs)        0269
__S1                           (abs)        007C
__S2                           (abs)        0000
__S3                           (abs)        0000
___awdiv                       text9        00B1
___awdiv@counter               cstackBANK0  0021
___awdiv@dividend              cstackCOMMON 007A
___awdiv@divisor               cstackCOMMON 0078
___awdiv@quotient              cstackBANK0  0023
___awdiv@sign                  cstackBANK0  0022
___int_sp                      stack        0000
___latbits                     (abs)        0002
___sp                          stack        0000
___stackhi                     (abs)        0000
___stacklo                     (abs)        0000
___wmul                        text8        01E8
___wmul@multiplicand           cstackCOMMON 0074
___wmul@multiplier             cstackCOMMON 0072
___wmul@product                cstackCOMMON 0076
__end_of_ADCenableAnalogPort   text7        00B1
__end_of_ADCenableInterrupt    text6        0265
__end_of_ADCstartMeasure       text10       0269
__end_of_SPIenableRInterrupt   text5        025E
__end_of___awdiv               text9        011A
__end_of___wmul                text8        020D
__end_of__initialization       cinit        0014
__end_of_configuracion         text1        01B4
__end_of_initSPI_multiesclavo  text4        0246
__end_of_isr                   text11       022F
__end_of_main                  maintext     0174
__end_of_setupADC              text3        01E8
__end_of_setupOsc              text2        0257
__initialization               cinit        000F
__pbssBANK0                    bssBANK0     0028
__pcstackBANK0                 cstackBANK0  0020
__pcstackCOMMON                cstackCOMMON 0070
__pintentry                    intentry     0004
__pmaintext                    maintext     011A
__ptext1                       text1        0174
__ptext10                      text10       0265
__ptext11                      text11       020D
__ptext2                       text2        0246
__ptext3                       text3        01B4
__ptext4                       text4        022F
__ptext5                       text5        0257
__ptext6                       text6        025E
__ptext7                       text7        0018
__ptext8                       text8        01E8
__ptext9                       text9        00B1
__size_of_ADCenableAnalogPort  (abs)        0000
__size_of_ADCenableInterrupt   (abs)        0000
__size_of_ADCstartMeasure      (abs)        0000
__size_of_SPIenableRInterrupt  (abs)        0000
__size_of___awdiv              (abs)        0000
__size_of___wmul               (abs)        0000
__size_of_configuracion        (abs)        0000
__size_of_initSPI_multiesclavo (abs)        0000
__size_of_isr                  (abs)        0000
__size_of_main                 (abs)        0000
__size_of_setupADC             (abs)        0000
__size_of_setupOsc             (abs)        0000
_configuracion                 text1        0174
_initSPI_multiesclavo          text4        022F
_isr                           text11       020D
_main                          maintext     011A
_medicion                      bssBANK0     0029
_setupADC                      text3        01B4
_setupOsc                      text2        0246
_temperatura                   bssBANK0     0028
btemp                          (abs)        007E
end_of_initialization          cinit        0014
interrupt_function             intentry     0004
intlevel0                      functab      0000
intlevel1                      functab      0000
intlevel2                      functab      0000
intlevel3                      functab      0000
intlevel4                      functab      0000
intlevel5                      functab      0000
main@mapeo                     cstackBANK0  0026
reset_vec                      reset_vec    0000
saved_w                        (abs)        007E
setupADC@Fosc                  cstackCOMMON 0077
setupADC@VrefN                 cstackCOMMON 0073
setupADC@VrefP                 cstackCOMMON 0072
setupADC@align                 cstackCOMMON 0075
setupADC@channel               cstackCOMMON 0074
setupOsc@clkSrc                cstackCOMMON 0072
setupOsc@freq                  cstackCOMMON 0074
start                          init         000C
start_initialization           cinit        000F
wtemp0                         (abs)        007E


MODULE INFORMATION

Module		Function		Class		Link	Load	Size
C:/Users/david/DavidU/ElectronicaDigital2/Laboratorio2/Laboratorio/Lab2dig2.X/confPIC16F887.c
		_initSPI_multiesclavo		CODE           	022F	0000	23
		_SPIenableRInterrupt		CODE           	0257	0000	7
		_setupOsc      		CODE           	0246	0000	17
		_ADCenableAnalogPort		CODE           	0018	0000	153
		_ADCstartMeasure		CODE           	0265	0000	4
		_ADCenableInterrupt		CODE           	025E	0000	7
		_setupADC      		CODE           	01B4	0000	52

C:/Users/david/DavidU/ElectronicaDigital2/Laboratorio2/Laboratorio/Lab2dig2.X/confPIC16F887.c estimated size: 263

shared
		__initialization		CODE           	000F	0000	5

shared estimated size: 5

C:/Users/david/DavidU/ElectronicaDigital2/Proyecto1/PIC4/PIC4P1.X/PIC4P1main.c
		_configuracion 		CODE           	0174	0000	64
		_main          		CODE           	011A	0000	90
		_isr           		CODE           	020D	0000	34

C:/Users/david/DavidU/ElectronicaDigital2/Proyecto1/PIC4/PIC4P1.X/PIC4P1main.c estimated size: 188

C:\Program Files\Microchip\xc8\v2.32\pic\sources\c90\common\awdiv.c
		___awdiv       		CODE           	00B1	0000	105

C:\Program Files\Microchip\xc8\v2.32\pic\sources\c90\common\awdiv.c estimated size: 105

C:\Program Files\Microchip\xc8\v2.32\pic\sources\c90\common\Umul16.c
		___wmul        		CODE           	01E8	0000	37

C:\Program Files\Microchip\xc8\v2.32\pic\sources\c90\common\Umul16.c estimated size: 37

