Microchip MPLAB XC8 Compiler V2.32

Linker command line:

-W-3 --edf=C:\Program Files\Microchip\xc8\v2.32\pic\dat\en_msgs.txt -cn \
  -h+dist/default/production\PIC2P1.X.production.sym \
  --cmf=dist/default/production\PIC2P1.X.production.cmf -z -Q16F887 \
  -oC:\Users\david\AppData\Local\Temp\xcAs5uk.4 --defsym=__MPLAB_BUILD=1 \
  -Mdist/default/production/PIC2P1.X.production.map -E1 -ver=XC8 Compiler \
  --acfsm=1493 -ASTACK=0110h-016Fh -pstack=STACK -ACODE=00h-07FFhx4 \
  -ASTRCODE=00h-01FFFh -ASTRING=00h-0FFhx32 -ACONST=00h-0FFhx32 \
  -AENTRY=00h-0FFhx32 -ACOMMON=070h-07Fh -ABANK0=020h-06Fh \
  -ABANK1=0A0h-0EFh -ABANK2=0110h-016Fh -ABANK3=0190h-01EFh \
  -ARAM=020h-06Fh,0A0h-0EFh,0110h-016Fh,0190h-01EFh \
  -AABS1=020h-07Fh,0A0h-0EFh,0110h-016Fh,0190h-01EFh -ASFR0=00h-01Fh \
  -ASFR1=080h-09Fh -ASFR2=0100h-010Fh -ASFR3=0180h-018Fh \
  -ACONFIG=02007h-02008h -DCONFIG=2 -AIDLOC=02000h-02003h -DIDLOC=2 \
  -AEEDATA=00h-0FFh/02100h -peeprom_data=EEDATA -DEEDATA=2 -DCODE=2 \
  -DSTRCODE=2 -DSTRING=2 -DCONST=2 -DENTRY=2 \
  -preset_vec=00h,intentry=04h,init,end_init -ppowerup=CODE -pcinit=CODE \
  -pfunctab=ENTRY -k C:\Users\david\AppData\Local\Temp\xcAs5uk.o \
  dist/default/production\PIC2P1.X.production.o 

Object code version is 3.11

Machine type is 16F887



                Name                               Link     Load   Length Selector   Space Scale
C:\Users\david\AppData\Local\Temp\xcAs5uk.o
                end_init                              C        C        3        8       0
                reset_vec                             0        0        3        0       0
                config                             2007     2007        2        0       4
dist/default/production\PIC2P1.X.production.o
                cinit                                 F        F        5        8       0
                intentry                              4        4        8        8       0
                config                             2007     2007        2        0       4
                text9                               11D      11D       20        8       0
                text8                               190      190        4        8       0
                text7                                14       14       99        8       0
                text6                               189      189        7        8       0
                text5                               182      182        7        8       0
                text4                               15A      15A       17        8       0
                text3                                E9       E9       34        8       0
                text2                               171      171       11        8       0
                text1                                AD       AD       3C        8       0
                maintext                            13D      13D       1D        8       0
                cstackBANK0                          20       20        1       20       1
                cstackCOMMON                         70       70        A       70       1
                bssCOMMON                            7A       7A        1       70       1

TOTAL           Name                               Link     Load   Length     Space
        CLASS   STACK          

        CLASS   CODE           
                end_init                              C        C        3         0
                cinit                                 F        F        5         0
                intentry                              4        4        8         0
                reset_vec                             0        0        3         0
                text9                               11D      11D       20         0
                text8                               190      190        4         0
                text7                                14       14       99         0
                text6                               189      189        7         0
                text5                               182      182        7         0
                text4                               15A      15A       17         0
                text3                                E9       E9       34         0
                text2                               171      171       11         0
                text1                                AD       AD       3C         0
                maintext                            13D      13D       1D         0

        CLASS   STRCODE        

        CLASS   STRING         

        CLASS   CONST          

        CLASS   ENTRY          

        CLASS   COMMON         
                cstackCOMMON                         70       70        A         1
                bssCOMMON                            7A       7A        1         1

        CLASS   BANK0          
                cstackBANK0                          20       20        1         1

        CLASS   BANK1          

        CLASS   BANK2          

        CLASS   BANK3          

        CLASS   RAM            

        CLASS   ABS1           
                abs_s1                               7E       7E        2         1

        CLASS   SFR0           

        CLASS   SFR1           

        CLASS   SFR2           

        CLASS   SFR3           

        CLASS   CONFIG         
                config                             2007     2007        2         4

        CLASS   IDLOC          

        CLASS   EEDATA         



SEGMENTS        Name                           Load    Length   Top    Selector   Space  Class     Delta

                reset_vec                      000000  000003  000003         0       0  CODE        2
                intentry                       000004  000190  000194         8       0  CODE        2
                cstackBANK0                    000020  000001  000021        20       1  BANK0       1
                cstackCOMMON                   000070  00000B  00007B        70       1  COMMON      1


UNUSED ADDRESS RANGES

        Name                Unused          Largest block    Delta
        BANK0            0021-006F             4F           1
        BANK1            00A0-00EF             50           1
        BANK2            0110-016F             60           1
        BANK3            0190-01EF             60           1
        CODE             0003-0003              1           2
                         0194-1FFF            800
        COMMON           007B-007D              3           1
        CONST            0003-0003              1           2
                         0194-1FFF            100
        EEDATA           2100-21FF            100           2
        ENTRY            0003-0003              1           2
                         0194-1FFF            100
        IDLOC            2000-2003              4           2
        RAM              0021-006F             4F           1
                         00A0-00EF             50
                         0110-016F             60
                         0190-01EF             60
        SFR0             0000-001F             20           1
        SFR1             0080-009F             20           1
        SFR2             0100-010F             10           1
        SFR3             0180-018F             10           1
        STACK            0110-016F             60           1
        STRCODE          0003-0003              1           2
                         0194-1FFF           1E6C
        STRING           0003-0003              1           2
                         0194-1FFF            100

                                  Symbol Table

ADCenableAnalogPort@puerto     cstackCOMMON 0075
_ADCON0bits                    (abs)        001F
_ADCON1bits                    (abs)        009F
_ADCenableAnalogPort           text7        0014
_ADCenableInterrupt            text6        0189
_ADCstartMeasure               text8        0190
_ADRESH                        (abs)        001E
_ANSEL                         (abs)        0188
_ANSELH                        (abs)        0189
_ANSELHbits                    (abs)        0189
_ANSELbits                     (abs)        0188
_BAUDCTLbits                   (abs)        0187
_INTCONbits                    (abs)        000B
_IOCBbits                      (abs)        0096
_OPTION_REGbits                (abs)        0081
_OSCCONbits                    (abs)        008F
_PIE1bits                      (abs)        008C
_PIR1bits                      (abs)        000C
_PORTA                         (abs)        0005
_PORTC                         (abs)        0007
_PORTD                         (abs)        0008
_RCSTAbits                     (abs)        0018
_SPBRG                         (abs)        0099
_SPIenableRInterrupt           text5        0182
_SSPBUF                        (abs)        0013
_SSPCONbits                    (abs)        0014
_SSPSTATbits                   (abs)        0094
_T1CONbits                     (abs)        0010
_TMR0                          (abs)        0001
_TMR1H                         (abs)        000F
_TMR1L                         (abs)        000E
_TRISA                         (abs)        0085
_TRISAbits                     (abs)        0085
_TRISBbits                     (abs)        0086
_TRISC                         (abs)        0087
_TRISCbits                     (abs)        0087
_TRISD                         (abs)        0088
_TRISEbits                     (abs)        0089
_TXREG                         (abs)        0019
_TXSTAbits                     (abs)        0098
__Habs1                        abs1         0000
__Hbank0                       bank0        0000
__Hbank1                       bank1        0000
__Hbank2                       bank2        0000
__Hbank3                       bank3        0000
__HbssCOMMON                   bssCOMMON    0000
__Hcinit                       cinit        0014
__Hclrtext                     clrtext      0000
__Hcode                        code         0000
__Hcommon                      common       0000
__Hconfig                      config       2009
__HcstackBANK0                 cstackBANK0  0000
__HcstackCOMMON                cstackCOMMON 0000
__Heeprom_data                 eeprom_data  0000
__Hend_init                    end_init     000F
__Hfunctab                     functab      0000
__Hinit                        init         000C
__Hintentry                    intentry     000C
__Hmaintext                    maintext     0000
__Hpowerup                     powerup      0000
__Hram                         ram          0000
__Hreset_vec                   reset_vec    0003
__Hsfr0                        sfr0         0000
__Hsfr1                        sfr1         0000
__Hsfr2                        sfr2         0000
__Hsfr3                        sfr3         0000
__Hspace_0                     (abs)        0194
__Hspace_1                     (abs)        007B
__Hspace_2                     (abs)        0000
__Hspace_3                     (abs)        0000
__Hspace_4                     (abs)        4010
__Hstack                       stack        0000
__Hstrings                     strings      0000
__Htext                        text         0000
__Labs1                        abs1         0000
__Lbank0                       bank0        0000
__Lbank1                       bank1        0000
__Lbank2                       bank2        0000
__Lbank3                       bank3        0000
__LbssCOMMON                   bssCOMMON    0000
__Lcinit                       cinit        000F
__Lclrtext                     clrtext      0000
__Lcode                        code         0000
__Lcommon                      common       0000
__Lconfig                      config       0000
__LcstackBANK0                 cstackBANK0  0000
__LcstackCOMMON                cstackCOMMON 0000
__Leeprom_data                 eeprom_data  0000
__Lend_init                    end_init     000C
__Lfunctab                     functab      0000
__Linit                        init         000C
__Lintentry                    intentry     0004
__Lmaintext                    maintext     0000
__Lpowerup                     powerup      0000
__Lram                         ram          0000
__Lreset_vec                   reset_vec    0000
__Lsfr0                        sfr0         0000
__Lsfr1                        sfr1         0000
__Lsfr2                        sfr2         0000
__Lsfr3                        sfr3         0000
__Lspace_0                     (abs)        0000
__Lspace_1                     (abs)        0000
__Lspace_2                     (abs)        0000
__Lspace_3                     (abs)        0000
__Lspace_4                     (abs)        0000
__Lstack                       stack        0000
__Lstrings                     strings      0000
__Ltext                        text         0000
__S0                           (abs)        0194
__S1                           (abs)        007B
__S2                           (abs)        0000
__S3                           (abs)        0000
___int_sp                      stack        0000
___latbits                     (abs)        0002
___sp                          stack        0000
___stackhi                     (abs)        0000
___stacklo                     (abs)        0000
__end_of_ADCenableAnalogPort   text7        00AD
__end_of_ADCenableInterrupt    text6        0190
__end_of_ADCstartMeasure       text8        0194
__end_of_SPIenableRInterrupt   text5        0189
__end_of__initialization       cinit        0010
__end_of_configuracion         text1        00E9
__end_of_initSPI_multiesclavo  text4        0171
__end_of_isr                   text9        013D
__end_of_main                  maintext     015A
__end_of_setupADC              text3        011D
__end_of_setupOsc              text2        0182
__initialization               cinit        000F
__pbssCOMMON                   bssCOMMON    007A
__pcstackBANK0                 cstackBANK0  0020
__pcstackCOMMON                cstackCOMMON 0070
__pintentry                    intentry     0004
__pmaintext                    maintext     013D
__ptext1                       text1        00AD
__ptext2                       text2        0171
__ptext3                       text3        00E9
__ptext4                       text4        015A
__ptext5                       text5        0182
__ptext6                       text6        0189
__ptext7                       text7        0014
__ptext8                       text8        0190
__ptext9                       text9        011D
__size_of_ADCenableAnalogPort  (abs)        0000
__size_of_ADCenableInterrupt   (abs)        0000
__size_of_ADCstartMeasure      (abs)        0000
__size_of_SPIenableRInterrupt  (abs)        0000
__size_of_configuracion        (abs)        0000
__size_of_initSPI_multiesclavo (abs)        0000
__size_of_isr                  (abs)        0000
__size_of_main                 (abs)        0000
__size_of_setupADC             (abs)        0000
__size_of_setupOsc             (abs)        0000
_configuracion                 text1        00AD
_initSPI_multiesclavo          text4        015A
_isr                           text9        011D
_main                          maintext     013D
_medicion                      bssCOMMON    007A
_setupADC                      text3        00E9
_setupOsc                      text2        0171
btemp                          (abs)        007E
end_of_initialization          cinit        0010
interrupt_function             intentry     0004
intlevel0                      functab      0000
intlevel1                      functab      0000
intlevel2                      functab      0000
intlevel3                      functab      0000
intlevel4                      functab      0000
intlevel5                      functab      0000
reset_vec                      reset_vec    0000
saved_w                        (abs)        007E
setupADC@Fosc                  cstackCOMMON 0078
setupADC@VrefN                 cstackCOMMON 0074
setupADC@VrefP                 cstackCOMMON 0073
setupADC@align                 cstackCOMMON 0076
setupADC@channel               cstackCOMMON 0075
setupOsc@clkSrc                cstackCOMMON 0073
setupOsc@freq                  cstackCOMMON 0075
start                          init         000C
start_initialization           cinit        000F
wtemp0                         (abs)        007E


MODULE INFORMATION

Module		Function		Class		Link	Load	Size
C:/Users/david/DavidU/ElectronicaDigital2/Laboratorio2/Laboratorio/Lab2dig2.X/confPIC16F887.c
		_initSPI_multiesclavo		CODE           	015A	0000	23
		_SPIenableRInterrupt		CODE           	0182	0000	7
		_setupOsc      		CODE           	0171	0000	17
		_ADCenableAnalogPort		CODE           	0014	0000	153
		_ADCstartMeasure		CODE           	0190	0000	4
		_ADCenableInterrupt		CODE           	0189	0000	7
		_setupADC      		CODE           	00E9	0000	52

C:/Users/david/DavidU/ElectronicaDigital2/Laboratorio2/Laboratorio/Lab2dig2.X/confPIC16F887.c estimated size: 263

shared
		__initialization		CODE           	000F	0000	1

shared estimated size: 1

C:/Users/david/DavidU/ElectronicaDigital2/Proyecto1/PIC2/PIC2P1.X/PIC2P1main.c
		_configuracion 		CODE           	00AD	0000	60
		_main          		CODE           	013D	0000	29
		_isr           		CODE           	011D	0000	32

C:/Users/david/DavidU/ElectronicaDigital2/Proyecto1/PIC2/PIC2P1.X/PIC2P1main.c estimated size: 121

