Microchip MPLAB XC8 Compiler V2.32

Linker command line:

-W-3 --edf=C:\Program Files\Microchip\xc8\v2.32\pic\dat\en_msgs.txt -cn \
  -h+dist/default/production\PIC1P1.X.production.sym \
  --cmf=dist/default/production\PIC1P1.X.production.cmf -z -Q16F887 \
  -oC:\Users\david\AppData\Local\Temp\xcAsatg.4 --defsym=__MPLAB_BUILD=1 \
  -Mdist/default/production/PIC1P1.X.production.map -E1 -ver=XC8 Compiler \
  --acfsm=1493 -ASTACK=0110h-016Fh -pstack=STACK -ACODE=00h-07FFhx4 \
  -ASTRCODE=00h-01FFFh -ASTRING=00h-0FFhx32 -ACONST=00h-0FFhx32 \
  -AENTRY=00h-0FFhx32 -ACOMMON=070h-07Fh -ABANK0=020h-06Fh \
  -ABANK1=0A0h-0EFh -ABANK2=0110h-016Fh -ABANK3=0190h-01EFh \
  -ARAM=020h-06Fh,0A0h-0EFh,0110h-016Fh,0190h-01EFh \
  -AABS1=020h-07Fh,0A0h-0EFh,0110h-016Fh,0190h-01EFh -ASFR0=00h-01Fh \
  -ASFR1=080h-09Fh -ASFR2=0100h-010Fh -ASFR3=0180h-018Fh \
  -ACONFIG=02007h-02008h -DCONFIG=2 -AIDLOC=02000h-02003h -DIDLOC=2 \
  -AEEDATA=00h-0FFh/02100h -peeprom_data=EEDATA -DEEDATA=2 -DCODE=2 \
  -DSTRCODE=2 -DSTRING=2 -DCONST=2 -DENTRY=2 \
  -preset_vec=00h,intentry=04h,init,end_init -ppowerup=CODE -pcinit=CODE \
  -pfunctab=ENTRY -k C:\Users\david\AppData\Local\Temp\xcAsatg.o \
  dist/default/production\PIC1P1.X.production.o 

Object code version is 3.11

Machine type is 16F887



                Name                               Link     Load   Length Selector   Space Scale
C:\Users\david\AppData\Local\Temp\xcAsatg.o
                end_init                              C        C        3        8       0
                reset_vec                             0        0        3        0       0
                config                             2007     2007        2        0       4
dist/default/production\PIC1P1.X.production.o
                cinit                                 F        F        D        8       0
                intentry                              4        4        8        8       0
                config                             2007     2007        2        0       4
                text29                              65C      65C       10      AF8       0
                text28                              5F2      5F2       18      AF8       0
                text27                              67B      67B        F      AF8       0
                text26                              621      621       15      AF8       0
                text25                              636      636       14      AF8       0
                text24                              536      536       24        8       0
                text23                              46A      46A       34        8       0
                text22                              6A7      6A7        7      AF8       0
                text21                              64A      64A       12      AF8       0
                text20                              6AE      6AE        6      AF8       0
                text19                              66C      66C        F      AF8       0
                text18                              68A      68A        E      AF8       0
                text17                              436      436       34        8       0
                text16                              4C6      4C6       27        8       0
                text15                              6A0      6A0        7      AF8       0
                text14                              5BA      5BA       1D      AF8       0
                text13                              4ED      4ED       25        8       0
                text12                              5D7      5D7       1B      AF8       0
                text11                              59B      59B       1F      AF8       0
                text10                              3B9      3B9       49        8       0
                text9                               60A      60A       17      AF8       0
                text8                               512      512       24        8       0
                text7                               57C      57C       1F      AF8       0
                text6                               402      402       34        8       0
                text5                               28B      28B       6A        8       0
                text4                               49E      49E       28        8       0
                text3                               2F5      2F5       69        8       0
                text2                               35E      35E       5B        8       0
                text1                               20A      20A       81        8       0
                maintext                             1C       1C      1EE        8       0
                cstackBANK0                          20       20       2B       20       1
                cstackCOMMON                         70       70        7       70       1
                clrtext                             698      698        8      AF8       0
                bssBANK0                             4B       4B       20       20       1
                strings                             55A      55A       22      AB4       0

TOTAL           Name                               Link     Load   Length     Space
        CLASS   STACK          

        CLASS   CODE           
                end_init                              C        C        3         0
                cinit                                 F        F        D         0
                intentry                              4        4        8         0
                reset_vec                             0        0        3         0
                text29                              65C      65C       10         0
                text28                              5F2      5F2       18         0
                text27                              67B      67B        F         0
                text26                              621      621       15         0
                text25                              636      636       14         0
                text24                              536      536       24         0
                text23                              46A      46A       34         0
                text22                              6A7      6A7        7         0
                text21                              64A      64A       12         0
                text20                              6AE      6AE        6         0
                text19                              66C      66C        F         0
                text18                              68A      68A        E         0
                text17                              436      436       34         0
                text16                              4C6      4C6       27         0
                text15                              6A0      6A0        7         0
                text14                              5BA      5BA       1D         0
                text13                              4ED      4ED       25         0
                text12                              5D7      5D7       1B         0
                text11                              59B      59B       1F         0
                text10                              3B9      3B9       49         0
                text9                               60A      60A       17         0
                text8                               512      512       24         0
                text7                               57C      57C       1F         0
                text6                               402      402       34         0
                text5                               28B      28B       6A         0
                text4                               49E      49E       28         0
                text3                               2F5      2F5       69         0
                text2                               35E      35E       5B         0
                text1                               20A      20A       81         0
                maintext                             1C       1C      1EE         0
                clrtext                             698      698        8         0

        CLASS   STRCODE        

        CLASS   STRING         
                strings                             55A      55A       22         0

        CLASS   CONST          

        CLASS   ENTRY          

        CLASS   COMMON         
                cstackCOMMON                         70       70        7         1

        CLASS   BANK0          
                cstackBANK0                          20       20       2B         1
                bssBANK0                             4B       4B       20         1

        CLASS   BANK1          

        CLASS   BANK2          

        CLASS   BANK3          

        CLASS   RAM            

        CLASS   ABS1           
                abs_s1                               7E       7E        2         1

        CLASS   SFR0           

        CLASS   SFR1           

        CLASS   SFR2           

        CLASS   SFR3           

        CLASS   CONFIG         
                config                             2007     2007        2         4

        CLASS   IDLOC          

        CLASS   EEDATA         



SEGMENTS        Name                           Load    Length   Top    Selector   Space  Class     Delta

                reset_vec                      000000  000003  000003         0       0  CODE        2
                intentry                       000004  000556  00055A         8       0  CODE        2
                cstackBANK0                    000020  00004B  00006B        20       1  BANK0       1
                cstackCOMMON                   000070  000007  000077        70       1  COMMON      1
                strings                        00055A  000022  00057C       AB4       0  STRING      2
                text7                          00057C  000138  0006B4       AF8       0  CODE        2


UNUSED ADDRESS RANGES

        Name                Unused          Largest block    Delta
        BANK0            006B-006F              5           1
        BANK1            00A0-00EF             50           1
        BANK2            0110-016F             60           1
        BANK3            0190-01EF             60           1
        CODE             0003-0003              1           2
                         06B4-1FFF            800
        COMMON           0077-007D              7           1
        CONST            0003-0003              1           2
                         06B4-1FFF            100
        EEDATA           2100-21FF            100           2
        ENTRY            0003-0003              1           2
                         06B4-1FFF            100
        IDLOC            2000-2003              4           2
        RAM              006B-006F              5           1
                         00A0-00EF             50
                         0110-016F             60
                         0190-01EF             60
        SFR0             0000-001F             20           1
        SFR1             0080-009F             20           1
        SFR2             0100-010F             10           1
        SFR3             0180-018F             10           1
        STACK            0110-016F             60           1
        STRCODE          0003-0003              1           2
                         06B4-1FFF           194C
        STRING           0003-0003              1           2
                         06B4-1FFF            100

                                  Symbol Table

?___awdiv                        cstackBANK0  0026
?___awmod                        cstackBANK0  0020
?___wmul                         cstackBANK0  0020
?_strlen                         cstackBANK0  0020
LCD_displayOnOff@blink           cstackBANK0  0022
LCD_displayOnOff@cursor          cstackBANK0  0021
LCD_displayOnOff@on_off          cstackBANK0  0026
LCD_entryMode_set@inc_dec        cstackBANK0  0023
LCD_entryMode_set@shift          cstackBANK0  0021
LCD_functionSet@dataL            cstackBANK0  0027
LCD_functionSet@dispFont         cstackBANK0  0022
LCD_functionSet@lineNo           cstackBANK0  0021
LCD_setDDRAM@address             cstackBANK0  0022
LCD_wRAM@data                    cstackBANK0  0022
LCDprintText@i                   cstackBANK0  0028
LCDprintText@texto               cstackBANK0  0024
SPIreadValue@variable            cstackBANK0  0021
SPIsendValue@valor               cstackBANK0  0020
UARTprintCharacter@caracter      cstackBANK0  0020
UARTprintDigit@digito            cstackBANK0  0020
UARTprintText@i                  cstackBANK0  0028
UARTprintText@texto              cstackBANK0  0024
_ADCON0bits                      (abs)        001F
_ADCON1bits                      (abs)        009F
_ANSEL                           (abs)        0188
_ANSELH                          (abs)        0189
_ANSELHbits                      (abs)        0189
_ANSELbits                       (abs)        0188
_BAUDCTLbits                     (abs)        0187
_INTCONbits                      (abs)        000B
_IOCBbits                        (abs)        0096
_LCD_clearDisplay                text9        060A
_LCD_displayOnOff                text8        0512
_LCD_entryMode_set               text7        057C
_LCD_executeInstruction          text27       067B
_LCD_functionSet                 text6        0402
_LCD_setDDRAM                    text26       0621
_LCD_wRAM                        text25       0636
_LCDprintText                    text23       046A
_OPTION_REGbits                  (abs)        0081
_OSCCONbits                      (abs)        008F
_PIE1bits                        (abs)        008C
_PIR1bits                        (abs)        000C
_PORTA                           (abs)        0005
_PORTAbits                       (abs)        0005
_PORTB                           (abs)        0006
_PORTC                           (abs)        0007
_PORTD                           (abs)        0008
_PORTDbits                       (abs)        0008
_PORTE                           (abs)        0009
_PORTEbits                       (abs)        0009
_RCSTAbits                       (abs)        0018
_SPBRG                           (abs)        0099
_SPIBufferVerify                 text22       06A7
_SPIreadValue                    text21       064A
_SPIsendValue                    text20       06AE
_SSPBUF                          (abs)        0013
_SSPCONbits                      (abs)        0014
_SSPSTATbits                     (abs)        0094
_T1CONbits                       (abs)        0010
_T1enableInterrupt               text15       06A0
_TMR0                            (abs)        0001
_TMR1H                           (abs)        000F
_TMR1L                           (abs)        000E
_TRISA                           (abs)        0085
_TRISAbits                       (abs)        0085
_TRISB                           (abs)        0086
_TRISBbits                       (abs)        0086
_TRISC                           (abs)        0087
_TRISCbits                       (abs)        0087
_TRISD                           (abs)        0088
_TRISE                           (abs)        0089
_TRISEbits                       (abs)        0089
_TXREG                           (abs)        0019
_TXSTAbits                       (abs)        0098
_UARTprintCharacter              text18       068A
_UARTprintDigit                  text19       066C
_UARTprintText                   text17       0436
__Habs1                          abs1         0000
__Hbank0                         bank0        0000
__Hbank1                         bank1        0000
__Hbank2                         bank2        0000
__Hbank3                         bank3        0000
__HbssBANK0                      bssBANK0     0000
__Hcinit                         cinit        001C
__Hclrtext                       clrtext      0000
__Hcode                          code         0000
__Hcommon                        common       0000
__Hconfig                        config       2009
__HcstackBANK0                   cstackBANK0  0000
__HcstackCOMMON                  cstackCOMMON 0000
__Heeprom_data                   eeprom_data  0000
__Hend_init                      end_init     000F
__Hfunctab                       functab      0000
__Hinit                          init         000C
__Hintentry                      intentry     000C
__Hmaintext                      maintext     0000
__Hpowerup                       powerup      0000
__Hram                           ram          0000
__Hreset_vec                     reset_vec    0003
__Hsfr0                          sfr0         0000
__Hsfr1                          sfr1         0000
__Hsfr2                          sfr2         0000
__Hsfr3                          sfr3         0000
__Hspace_0                       (abs)        06B4
__Hspace_1                       (abs)        0077
__Hspace_2                       (abs)        0000
__Hspace_3                       (abs)        0000
__Hspace_4                       (abs)        4010
__Hstack                         stack        0000
__Hstrings                       strings      0000
__Htext                          text         0000
__Labs1                          abs1         0000
__Lbank0                         bank0        0000
__Lbank1                         bank1        0000
__Lbank2                         bank2        0000
__Lbank3                         bank3        0000
__LbssBANK0                      bssBANK0     0000
__Lcinit                         cinit        000F
__Lclrtext                       clrtext      0000
__Lcode                          code         0000
__Lcommon                        common       0000
__Lconfig                        config       0000
__LcstackBANK0                   cstackBANK0  0000
__LcstackCOMMON                  cstackCOMMON 0000
__Leeprom_data                   eeprom_data  0000
__Lend_init                      end_init     000C
__Lfunctab                       functab      0000
__Linit                          init         000C
__Lintentry                      intentry     0004
__Lmaintext                      maintext     0000
__Lpowerup                       powerup      0000
__Lram                           ram          0000
__Lreset_vec                     reset_vec    0000
__Lsfr0                          sfr0         0000
__Lsfr1                          sfr1         0000
__Lsfr2                          sfr2         0000
__Lsfr3                          sfr3         0000
__Lspace_0                       (abs)        0000
__Lspace_1                       (abs)        0000
__Lspace_2                       (abs)        0000
__Lspace_3                       (abs)        0000
__Lspace_4                       (abs)        0000
__Lstack                         stack        0000
__Lstrings                       strings      0000
__Ltext                          text         0000
__S0                             (abs)        06B4
__S1                             (abs)        0077
__S2                             (abs)        0000
__S3                             (abs)        0000
___awdiv                         text3        02F5
___awdiv@counter                 cstackBANK0  002B
___awdiv@dividend                cstackBANK0  0028
___awdiv@divisor                 cstackBANK0  0026
___awdiv@quotient                cstackBANK0  002D
___awdiv@sign                    cstackBANK0  002C
___awmod                         text2        035E
___awmod@counter                 cstackBANK0  0025
___awmod@dividend                cstackBANK0  0022
___awmod@divisor                 cstackBANK0  0020
___awmod@sign                    cstackBANK0  0026
___int_sp                        stack        0000
___latbits                       (abs)        0002
___sp                            stack        0000
___stackhi                       (abs)        0000
___stacklo                       (abs)        0000
___wmul                          text16       04C6
___wmul@multiplicand             cstackBANK0  0022
___wmul@multiplier               cstackBANK0  0020
___wmul@product                  cstackBANK0  0024
__end_of_LCD_clearDisplay        text9        0621
__end_of_LCD_displayOnOff        text8        0536
__end_of_LCD_entryMode_set       text7        059B
__end_of_LCD_executeInstruction  text27       068A
__end_of_LCD_functionSet         text6        0436
__end_of_LCD_setDDRAM            text26       0636
__end_of_LCD_wRAM                text25       064A
__end_of_LCDprintText            text23       049E
__end_of_SPIBufferVerify         text22       06AE
__end_of_SPIreadValue            text21       065C
__end_of_SPIsendValue            text20       06B4
__end_of_T1enableInterrupt       text15       06A7
__end_of_UARTprintCharacter      text18       0698
__end_of_UARTprintDigit          text19       067B
__end_of_UARTprintText           text17       046A
__end_of___awdiv                 text3        035E
__end_of___awmod                 text2        03B9
__end_of___wmul                  text16       04ED
__end_of__initialization         cinit        0018
__end_of__stringtab              strings      056A
__end_of_configuracion           text10       0402
__end_of_initLCD                 text5        02F5
__end_of_initSPI_maestro         text14       05D7
__end_of_initUSARTransmit        text13       0512
__end_of_isr                     text28       060A
__end_of_main                    maintext     020A
__end_of_resTimer1               text29       066C
__end_of_selectSlave             text4        04C6
__end_of_separar_numero          text1        028B
__end_of_setupOsc                text12       05F2
__end_of_setupTimer1             text11       05BA
__end_of_strlen                  text24       055A
__initialization                 cinit        000F
__pbssBANK0                      bssBANK0     004B
__pcstackBANK0                   cstackBANK0  0020
__pcstackCOMMON                  cstackCOMMON 0070
__pintentry                      intentry     0004
__pmaintext                      maintext     001C
__pstrings                       strings      055A
__ptext1                         text1        020A
__ptext10                        text10       03B9
__ptext11                        text11       059B
__ptext12                        text12       05D7
__ptext13                        text13       04ED
__ptext14                        text14       05BA
__ptext15                        text15       06A0
__ptext16                        text16       04C6
__ptext17                        text17       0436
__ptext18                        text18       068A
__ptext19                        text19       066C
__ptext2                         text2        035E
__ptext20                        text20       06AE
__ptext21                        text21       064A
__ptext22                        text22       06A7
__ptext23                        text23       046A
__ptext24                        text24       0536
__ptext25                        text25       0636
__ptext26                        text26       0621
__ptext27                        text27       067B
__ptext28                        text28       05F2
__ptext29                        text29       065C
__ptext3                         text3        02F5
__ptext4                         text4        049E
__ptext5                         text5        028B
__ptext6                         text6        0402
__ptext7                         text7        057C
__ptext8                         text8        0512
__ptext9                         text9        060A
__size_of_LCD_clearDisplay       (abs)        0000
__size_of_LCD_displayOnOff       (abs)        0000
__size_of_LCD_entryMode_set      (abs)        0000
__size_of_LCD_executeInstruction (abs)        0000
__size_of_LCD_functionSet        (abs)        0000
__size_of_LCD_setDDRAM           (abs)        0000
__size_of_LCD_wRAM               (abs)        0000
__size_of_LCDprintText           (abs)        0000
__size_of_SPIBufferVerify        (abs)        0000
__size_of_SPIreadValue           (abs)        0000
__size_of_SPIsendValue           (abs)        0000
__size_of_T1enableInterrupt      (abs)        0000
__size_of_UARTprintCharacter     (abs)        0000
__size_of_UARTprintDigit         (abs)        0000
__size_of_UARTprintText          (abs)        0000
__size_of___awdiv                (abs)        0000
__size_of___awmod                (abs)        0000
__size_of___wmul                 (abs)        0000
__size_of_configuracion          (abs)        0000
__size_of_initLCD                (abs)        0000
__size_of_initSPI_maestro        (abs)        0000
__size_of_initUSARTransmit       (abs)        0000
__size_of_isr                    (abs)        0000
__size_of_main                   (abs)        0000
__size_of_resTimer1              (abs)        0000
__size_of_selectSlave            (abs)        0000
__size_of_separar_numero         (abs)        0000
__size_of_setupOsc               (abs)        0000
__size_of_setupTimer1            (abs)        0000
__size_of_strlen                 (abs)        0000
__stringbase                     strings      0569
__stringtab                      strings      055A
_comunicacion                    bssBANK0     0058
_configuracion                   text10       03B9
_cont                            bssBANK0     0069
_contS                           bssBANK0     005E
_initLCD                         text5        028B
_initSPI_maestro                 text14       05BA
_initUSARTransmit                text13       04ED
_isr                             text28       05F2
_main                            maintext     001C
_pot                             bssBANK0     006A
_potS                            bssBANK0     0063
_resTimer1                       text29       065C
_selectSlave                     text4        049E
_separar_numero                  text1        020A
_setupOsc                        text12       05D7
_setupTimer1                     text11       059B
_strlen                          text24       0536
_temp                            bssBANK0     0068
_tempS                           bssBANK0     0059
btemp                            (abs)        007E
clear_ram0                       clrtext      0698
end_of_initialization            cinit        0018
initSPI_maestro@SPIfosc          cstackBANK0  0020
initUSARTransmit@BRG16           cstackBANK0  0020
initUSARTransmit@BRGH            cstackBANK0  0022
initUSARTransmit@vBRG            cstackBANK0  0021
interrupt_function               intentry     0004
intlevel0                        functab      0000
intlevel1                        functab      0000
intlevel2                        functab      0000
intlevel3                        functab      0000
intlevel4                        functab      0000
intlevel5                        functab      0000
main@contTexto                   cstackBANK0  0043
main@potTexto                    cstackBANK0  003E
main@tempTexto                   cstackBANK0  0047
resTimer1@T1H                    cstackCOMMON 0074
resTimer1@T1L                    cstackCOMMON 0073
resTimer1@carga                  cstackCOMMON 0070
reset_vec                        reset_vec    0000
saved_w                          (abs)        007E
selectSlave@slave                cstackBANK0  0022
separar_numero@centenas          cstackBANK0  0031
separar_numero@decenas           cstackBANK0  0032
separar_numero@numaux            cstackBANK0  0037
separar_numero@numaux2           cstackBANK0  0035
separar_numero@numero            cstackBANK0  002F
separar_numero@unidades          cstackBANK0  0033
setupOsc@clkSrc                  cstackBANK0  0020
setupOsc@freq                    cstackBANK0  0022
setupTimer1@T1H                  cstackBANK0  0026
setupTimer1@T1L                  cstackBANK0  0025
setupTimer1@carga                cstackBANK0  0021
setupTimer1@clkSrc               cstackBANK0  0024
setupTimer1@prescaler            cstackBANK0  0020
start                            init         000C
start_initialization             cinit        000F
strlen@cp                        cstackBANK0  0022
strlen@s                         cstackBANK0  0020
wtemp0                           (abs)        007E


MODULE INFORMATION

Module		Function		Class		Link	Load	Size
LCDcontrol.c
		_LCD_executeInstruction		CODE           	067B	0000	15
		_LCD_clearDisplay		CODE           	060A	0000	23
		_LCDprintText  		CODE           	046A	0000	52
		_LCD_functionSet		CODE           	0402	0000	52
		_LCD_setDDRAM  		CODE           	0621	0000	21
		_LCD_entryMode_set		CODE           	057C	0000	31
		_LCD_wRAM      		CODE           	0636	0000	20
		_LCD_displayOnOff		CODE           	0512	0000	36
		_initLCD       		CODE           	028B	0000	106

LCDcontrol.c estimated size: 356

C:/Users/david/DavidU/ElectronicaDigital2/Laboratorio2/Laboratorio/Lab2dig2.X/confPIC16F887.c
		_setupOsc      		CODE           	05D7	0000	27
		_UARTprintDigit		CODE           	066C	0000	15
		_initUSARTransmit		CODE           	04ED	0000	37
		_SPIreadValue  		CODE           	064A	0000	18
		_SPIBufferVerify		CODE           	06A7	0000	7
		_UARTprintCharacter		CODE           	068A	0000	14
		_initSPI_maestro		CODE           	05BA	0000	29
		_resTimer1     		CODE           	065C	0000	16
		_SPIsendValue  		CODE           	06AE	0000	6
		_setupTimer1   		CODE           	059B	0000	31
		_T1enableInterrupt		CODE           	06A0	0000	7
		_UARTprintText 		CODE           	0436	0000	52

C:/Users/david/DavidU/ElectronicaDigital2/Laboratorio2/Laboratorio/Lab2dig2.X/confPIC16F887.c estimated size: 259

C:\Program Files\Microchip\xc8\v2.32\pic\sources\c90\common\strlen.c
		_strlen        		CODE           	0536	0000	36

C:\Program Files\Microchip\xc8\v2.32\pic\sources\c90\common\strlen.c estimated size: 36

PIC1P1main.c
		_configuracion 		CODE           	03B9	0000	73
		_main          		CODE           	001C	0000	494
		_separar_numero		CODE           	020A	0000	129
		_isr           		CODE           	05F2	0000	24
		_selectSlave   		CODE           	049E	0000	40

PIC1P1main.c estimated size: 760

C:\Program Files\Microchip\xc8\v2.32\pic\sources\c90\common\awmod.c
		___awmod       		CODE           	035E	0000	91

C:\Program Files\Microchip\xc8\v2.32\pic\sources\c90\common\awmod.c estimated size: 91

shared
		__stringtab    		STRING         	055A	0000	16
		__initialization		CODE           	000F	0000	9

shared estimated size: 25

C:\Program Files\Microchip\xc8\v2.32\pic\sources\c90\common\awdiv.c
		___awdiv       		CODE           	02F5	0000	105

C:\Program Files\Microchip\xc8\v2.32\pic\sources\c90\common\awdiv.c estimated size: 105

C:\Program Files\Microchip\xc8\v2.32\pic\sources\c90\common\Umul16.c
		___wmul        		CODE           	04C6	0000	39

C:\Program Files\Microchip\xc8\v2.32\pic\sources\c90\common\Umul16.c estimated size: 39

